MEASURED 310 | LIFT+match 295 | unverified 2 | refused 13 | died 0
uncallable 35 | out-of-scope datetime-strings-bits:20, dtype-and-type-system:66, infrastructure:40, io:14, predicates-and-introspection:11, printing:15

LIFT+match: np.abs, np.absolute, np.acos, np.acosh, np.add, np.all, np.allclose, np.amax, np.amin, np.angle, np.any, np.arange, np.arccos, np.arccosh, np.arcsin, np.arcsinh, np.arctan, np.arctan2, np.arctanh, np.argmax, np.argmin, np.argpartition, np.argsort, np.argwhere, np.around, np.array, np.array_equal, np.array_equiv, np.array_split, np.asanyarray, np.asarray, np.asarray_chkfinite, np.ascontiguousarray, np.asfortranarray, np.asin, np.asinh, np.atan, np.atan2, np.atanh, np.atleast_1d, np.atleast_2d, np.atleast_3d, np.average, np.broadcast_arrays, np.broadcast_to, np.cbrt, np.ceil, np.column_stack, np.concat, np.concatenate, np.conj, np.conjugate, np.convolve, np.copy, np.copysign, np.corrcoef, np.correlate, np.cos, np.cosh, np.count_nonzero, np.cov, np.cross, np.cumprod, np.cumsum, np.cumulative_prod, np.cumulative_sum, np.deg2rad, np.degrees, np.diag, np.diag_indices_from, np.diagflat, np.diagonal, np.diff, np.digitize, np.divide, np.divmod, np.dot, np.dstack, np.ediff1d, np.equal, np.exp, np.exp2, np.expand_dims, np.expm1, np.extract, np.fabs, np.flatnonzero, np.flip, np.fliplr, np.flipud, np.float_power, np.floor, np.floor_divide, np.fmax, np.fmin, np.fmod, np.frexp, np.from_dlpack, np.full_like, np.geomspace, np.gradient, np.greater, np.greater_equal, np.heaviside, np.hsplit, np.hstack, np.hypot, np.imag, np.inner, np.intersect1d, np.isclose, np.iscomplex, np.isfinite, np.isin, np.isinf, np.isnan, np.isneginf, np.isposinf, np.isreal, np.ix_, np.kron, np.ldexp, np.less, np.less_equal, np.lexsort, np.linspace, np.log, np.log10, np.log1p, np.log2, np.logaddexp, np.logaddexp2, np.logical_and, np.logical_not, np.logical_or, np.logical_xor, np.logspace, np.matmul, np.matrix_transpose, np.matvec, np.max, np.maximum, np.mean, np.median, np.meshgrid, np.min, np.minimum, np.mod, np.modf, np.multiply, np.nan_to_num, np.nanargmax, np.nanargmin, np.nancumprod, np.nancumsum, np.nanmax, np.nanmean, np.nanmedian, np.nanmin, np.nanpercentile, np.nanprod, np.nanquantile, np.nanstd, np.nansum, np.nanvar, np.negative, np.nextafter, np.nonzero, np.not_equal, np.ones_like, np.outer, np.partition, np.percentile, np.permute_dims, np.poly, np.polyadd, np.polyder, np.polydiv, np.polyfit, np.polyint, np.polymul, np.polysub, np.polyval, np.positive, np.pow, np.power, np.prod, np.ptp, np.quantile, np.rad2deg, np.radians, np.ravel, np.real, np.real_if_close, np.reciprocal, np.remainder, np.repeat, np.rint, np.roll, np.roots, np.rot90, np.round, np.searchsorted, np.setxor1d, np.sign, np.signbit, np.sin, np.sinc, np.sinh, np.sort, np.spacing, np.split, np.sqrt, np.square, np.squeeze, np.stack, np.std, np.subtract, np.sum, np.take, np.tan, np.tanh, np.tensordot, np.tile, np.trace, np.transpose, np.trapezoid, np.tril, np.tril_indices_from, np.trim_zeros, np.triu, np.triu_indices_from, np.true_divide, np.trunc, np.union1d, np.unique, np.unique_all, np.unique_counts, np.unique_inverse, np.unique_values, np.unstack, np.unwrap, np.vander, np.var, np.vdot, np.vecdot, np.vecmat, np.vsplit, np.vstack, np.where, np.zeros_like, np.linalg.cholesky, np.linalg.cond, np.linalg.cross, np.linalg.det, np.linalg.diagonal, np.linalg.eig, np.linalg.eigh, np.linalg.eigvals, np.linalg.eigvalsh, np.linalg.inv, np.linalg.lstsq, np.linalg.matmul, np.linalg.matrix_norm, np.linalg.matrix_power, np.linalg.matrix_rank, np.linalg.matrix_transpose, np.linalg.norm, np.linalg.outer, np.linalg.pinv, np.linalg.qr, np.linalg.slogdet, np.linalg.solve, np.linalg.svd, np.linalg.svdvals, np.linalg.tensordot, np.linalg.tensorsolve, np.linalg.vecdot, np.linalg.vector_norm, np.fft.fft, np.fft.fft2, np.fft.fftn, np.fft.fftshift, np.fft.hfft, np.fft.ifft, np.fft.ifft2, np.fft.ifftn, np.fft.ifftshift, np.fft.ihfft, np.fft.irfft, np.fft.irfft2, np.fft.irfftn, np.fft.rfft, np.fft.rfft2, np.fft.rfftn

UNVERIFIED: np.empty_like, np.poly1d

REFUSED:
  np.bartlett                        float() on a traced value discards the formula; 
  np.clip                            [skverify] could not lift this call (ValueError:
  np.compress                        coercion to dtype=bool would discard the formula
  np.diag_indices                    float() on a traced value discards the formula; 
  np.hamming                         float() on a traced value discards the formula; 
  np.hanning                         float() on a traced value discards the formula; 
  np.histogram                       linspace: retstep/kwargs not supported
  np.histogram2d                     [skverify] could not lift this call (TypeError: 
  np.histogram_bin_edges             linspace: retstep/kwargs not supported
  np.histogramdd                     [skverify] could not lift this call (TypeError: 
  np.i0                              formula grows without bound and the loop cannot 
  np.sort_complex                    [skverify] could not lift this call (AttributeEr
  np.linalg.trace                    the output depends on the input data but the tra

DIED:

UNCALLABLE: np.bincount, np.blackman, np.broadcast_shapes, np.choose, np.dsplit, np.einsum, np.empty, np.eye, np.fix, np.full, np.identity, np.indices, np.interp, np.kaiser, np.mask_indices, np.moveaxis, np.ones, np.ravel_multi_index, np.recarray, np.record, np.reshape, np.rollaxis, np.select, np.swapaxes, np.take_along_axis, np.tri, np.tril_indices, np.triu_indices, np.unravel_index, np.zeros, np.linalg.LinAlgError, np.linalg.multi_dot, np.linalg.tensorinv, np.fft.fftfreq, np.fft.rfftfreq
